Status: 200
Response: {"id":"x7QqacHBM6K1juMP4eK6yQg","object":"chat.completion","created":1764406470,"model":"ellm/gemini-2.5-flash","choices":[{"index":0,"message":{"role":"assistant","content":"I am currently working. I am a large language","reasoning_content":null,"refusal":null,"tool_calls":null,"function_call":null,"audio":null},"delta":null,"logprobs":null,"finish_reason":"length"}],"usage":{"prompt_tokens":7,"completion_tokens":10,"total_tokens":17,"prompt_tokens_details":{"cached_tokens":0,"audio_tokens":0},"completion_tokens_details":null,"tool_usage_details":null},"references":null,"service_tier":null,"system_fingerprint":null}
